---
source: src/component/input.rs
expression: terminal.backend()
---
"╭Input Test────────────────────────────╮"
"│ab                                    │"
"│                                      │"
"│                                      │"
"│                                      │"
"│                                      │"
"│                                      │"
"│                                      │"
"│                                      │"
"╰──────────────────────────────────────╯"
