---
source: src/page/analysis/merchant_type.rs
expression: terminal.backend()
---
"█▀▀▀▀▀▀▀▀▀▀▀▀▀▀▀▀▀▀▀▀▀▀▀▀▀▀▀▀▀▀▀▀▀▀▀▀▀▀▀▀▀▀▀▀▀▀▀▀▀▀▀▀▀▀▀▀▀▀▀▀▀▀▀▀▀▀▀▀▀▀▀▀▀▀▀▀▀▀█"
"█ 暂无数据                                                                     █" Hidden by multi-width symbols: [(3, " "), (5, " "), (7, " "), (9, " ")]
"█                                                                              █"
"█                                                                              █"
"█                                                                              █"
"█                                                                              █"
"█                                                                              █"
"█                                                                              █"
"█                                                                              █"
"█                                                                              █"
"█                                                                              █"
"█                                                                              █"
"█                                                                              █"
"█                                                                              █"
"█                                                                              █"
"█                                                                              █"
"█                                                                              █"
"█                                                                              █"
"█                                                                              █"
"█▄▄▄▄▄▄▄▄▄▄▄▄▄▄▄▄▄▄▄▄▄▄▄▄▄▄▄▄▄▄▄▄▄▄▄▄▄▄▄▄▄▄▄▄▄▄▄▄▄▄▄▄▄▄▄▄▄▄▄▄▄▄▄▄▄▄▄▄▄▄▄▄▄▄▄▄▄▄█"
