---
source: src/app.rs
expression: app.tui.backend()
---
"                                                                                "
"                                                                                "
"                                                                                "
"                                                                                "
"               ╭──────────────────────Help──────────────────────╮               "
"               │                                                │               "
"               │  Go to transactions page: T                    │               "
"               │  Quit: q                                       │               "
"               │  Show help: ?                                  │               "
"               │                                                │               "
"               │                                                │__             "
"               │                                                │ /             "
"               │                                                │/              "
"               │                                                │               "
"               │                                                │               "
"               │                                                │               "
"               │                                                │               "
"               │                                                │               "
"               │                                                │               "
"               ╰────────────────────────────────────────────────╯               "
"                                                                                "
"                                                                                "
"╭──────────────────────────────────────────────────────────────────────────────╮"
"│ Go Down: j | Go Up: k | Go to Top: g | Go to Bottom: G | Close help: esc     │"
"╰──────────────────────────────────────────────────────────────────────────────╯"
