---
source: src/page/home.rs
expression: terminal.backend()
---
"                                        "
"                                        "
"                                        "
"                                        "
"                                        "
"                                        "
"                                        "
"                                        "
"                                        "
"                                        "
"              XJTU MealFlow             "
"                                        "
"                                        "
"                                        "
"                                        "
"                                        "
"                                        "
"                                        "
"                                        "
"                                        "
"                                        "
"                                        "
"╭──────────────────────────────────────╮"
"│ Go to transactions page: T | Quit: q │"
"╰──────────────────────────────────────╯"
