---
source: src/page/transactions.rs
expression: terminal.backend()
---
"   金额                 时间                 商家                               " Hidden by multi-width symbols: [(4, " "), (6, " "), (25, " "), (27, " "), (46, " "), (48, " ")]
"                                                                              █ "
"   -18.72               2025-03-29 17:08:10  寿司                             █ " Hidden by multi-width symbols: [(46, " "), (48, " ")]
"                                                                              █ "
"                                                                              ║ "
"   -1.37                2025-03-24 17:16:28  西14西15东12浴室                 ║ " Hidden by multi-width symbols: [(46, " "), (50, " "), (54, " "), (58, " "), (60, " ")]
"                                                                              ║ "
"                                                                              ║ "
"   -9.76                2025-03-23 12:43:36  库迪咖啡                         ║ " Hidden by multi-width symbols: [(46, " "), (48, " "), (50, " "), (52, " ")]
"                                                                              ║ "
"                                                                              ║ "
"   -4.11                2025-03-22 07:28:51  时光水吧                         ║ " Hidden by multi-width symbols: [(46, " "), (48, " "), (50, " "), (52, " ")]
"                                                                              ║ "
"                                                                              ║ "
"   -1                   2025-03-21 17:59:42  西14西15东12浴室                 ║ " Hidden by multi-width symbols: [(46, " "), (50, " "), (54, " "), (58, " "), (60, " ")]
"                                                                              ║ "
"                                                                              ║ "
"   -15.14               2025-03-21 11:18:15  寿司                             ║ " Hidden by multi-width symbols: [(46, " "), (48, " ")]
"                                                                              ║ "
"                                                                              ║ "
"   -15.91               2025-03-19 11:35:42  寿司                             ║ " Hidden by multi-width symbols: [(46, " "), (48, " ")]
"                                                                                "
"╭──────────────────────────────────────────────────────────────────────────────╮"
"│ Move focus: hjkl | Fetch: f | Load from local cache: l                       │"
"╰──────────────────────────────────────────────────────────────────────────────╯"
