---
source: src/page/home.rs
expression: terminal.backend()
---
"╭────────────────────────────────XJTU MealFlow─────────────────────────────────╮"
"│                           Welcome to XJTU MealFlow                           │"
"│                                                                              │"
"│                 Press 'T' (Capitalized) to view transactions                 │"
"│                               Press 'q' to quit                              │"
"│                                                                              │"
"│                                                                              │"
"│                                                                              │"
"│                                                                              │"
"│                                                                              │"
"│                                                                              │"
"│                                                                              │"
"│                                                                              │"
"│                                                                              │"
"│                                                                              │"
"│                                                                              │"
"│                                                                              │"
"│                                                                              │"
"│                                                                              │"
"│                                                                              │"
"│                                                                              │"
"│                                                                              │"
"│                                                                              │"
"│                                                                              │"
"╰──────────────────────────────────────────────────────────────────────────────╯"
