---
source: src/page/transactions.rs
expression: terminal.backend()
---
"   金额                 时间                 商家                               " Hidden by multi-width symbols: [(4, " "), (6, " "), (25, " "), (27, " "), (46, " "), (48, " ")]
"                                                                              ║ "
"   -4.34                2024-07-30 18:54:47  库迪咖啡                         ║ " Hidden by multi-width symbols: [(46, " "), (48, " "), (50, " "), (52, " ")]
"                                                                              ║ "
"                                                                              ║ "
"   -9.11                2024-07-29 18:25:47  梧桐美润水饺                     ║ " Hidden by multi-width symbols: [(46, " "), (48, "4"), (50, " "), (52, "5"), (54, " "), (56, "2")]
"                                                                              ║ "
"                                                                              ║ "
"   -4.06                2024-07-28 16:57:32  砂锅                             ║ " Hidden by multi-width symbols: [(46, " "), (48, " ")]
"                                                                              ║ "
"                                                                              ║ "
"   -4.87                2024-07-27 17:42:46  冒菜                             ║ " Hidden by multi-width symbols: [(46, " "), (48, " ")]
"                                                                              ║ "
"                                                                              ║ "
"   -0.32                2024-07-24 21:20:49  七彩阁浴室                       ║ " Hidden by multi-width symbols: [(46, " "), (48, "4"), (50, " "), (52, "5"), (54, " ")]
"                                                                              ║ "
"                                                                              ║ "
"   -10.56               2024-07-24 12:18:28  库迪咖啡                         ║ " Hidden by multi-width symbols: [(46, " "), (48, " "), (50, " "), (52, " ")]
"                                                                              █ "
"                                                                              █ "
" █ -7.89                2024-07-23 12:55:42  梧桐美润水饺                     █ " Hidden by multi-width symbols: [(46, " "), (48, " "), (50, " "), (52, " "), (54, " "), (56, " ")]
"                                                                                "
"╭──────────────────────────────────────────────────────────────────────────────╮"
"│ Move focus: hjkl | Fetch: f | Load from local cache: l                       │"
"╰──────────────────────────────────────────────────────────────────────────────╯"
