---
source: src/page/help_popup.rs
expression: terminal.backend()
---
"                                                                                "
"                                                                                "
"                                                                                "
"                                                                                "
"               ╭──────────────────────Help──────────────────────╮               "
"               │                                                │               "
"               │  a  test                                       │               "
"               │  b  test2                                      │               "
"               │  c  test3                                      │               "
"               │                                                │               "
"               │                                                │               "
"               │                                                │               "
"               │                                                │               "
"               │                                                │               "
"               │                                                │               "
"               │                                                │               "
"               │                                                │               "
"               │                                                │               "
"               │                                                │               "
"               ╰────────────────────────────────────────────────╯               "
"                                                                                "
"                                                                                "
"╭──────────────────────────────────────────────────────────────────────────────╮"
"│ Go Down: j | Go Up: k | Go to Top: g | Go to Bottom: G | Close help: esc     │"
"╰──────────────────────────────────────────────────────────────────────────────╯"
