---
source: src/page/help_popup.rs
expression: terminal.backend()
---
"                                                                                "
"                                                                                "
"                                                                                "
"                                                                                "
"               ╭──────────────────────Help──────────────────────╮               "
"               │                                                │               "
"               │  test: a                                       │               "
"               │  test2: b                                      │               "
"               │  test3: c                                      │               "
"               │                                                │               "
"               │                                                │               "
"               │                                                │               "
"               │                                                │               "
"               │                                                │               "
"               │                                                │               "
"               │                                                │               "
"               │                                                │               "
"               │                                                │               "
"               │                                                │               "
"               ╰────────────────────────────────────────────────╯               "
"                                                                                "
"                                                                                "
"╭──────────────────────────────────────────────────────────────────────────────╮"
"│ Go Down: j | Go Up: k | Go to Top: g | Go to Bottom: G | Close help: esc     │"
"╰──────────────────────────────────────────────────────────────────────────────╯"
