---
source: src/page/transactions.rs
expression: terminal.backend()
---
"   金额                 时间                 商家                               " Hidden by multi-width symbols: [(4, " "), (6, " "), (25, " "), (27, " "), (46, " "), (48, " ")]
"                                                                              █ "
"   -0.32                2024-07-24 21:20:49  七彩阁浴室                       █ " Hidden by multi-width symbols: [(46, " "), (48, " "), (50, " "), (52, " "), (54, " ")]
"                                                                              █ "
"                                                                              ║ "
"   -15.14               2025-03-21 11:18:15  寿司                             ║ " Hidden by multi-width symbols: [(46, " "), (48, " ")]
"                                                                              ║ "
"                                                                              ║ "
"   -8.96                2025-03-10 13:37:29  库迪咖啡                         ║ " Hidden by multi-width symbols: [(46, " "), (48, " "), (50, " "), (52, " ")]
"                                                                              ║ "
"                                                                              ║ "
"   -1.23                2025-03-09 22:01:30  西14西15东12浴室                 ║ " Hidden by multi-width symbols: [(46, " "), (50, " "), (54, " "), (58, " "), (60, " ")]
"                                                                              ║ "
"                                                                              ║ "
"   -11.7                2025-03-01 17:43:11  荷叶饼夹馍组                     ║ " Hidden by multi-width symbols: [(46, " "), (48, " "), (50, " "), (52, " "), (54, " "), (56, " ")]
"                                                                              ║ "
"                                                                              ║ "
"   -3.76                2025-03-01 12:20:56  时光水吧                         ║ " Hidden by multi-width symbols: [(46, " "), (48, " "), (50, " "), (52, " ")]
"                                                                              ║ "
"                                                                              ║ "
"   -13.11               2025-03-06 12:08:59  牛肉饭                           ║ " Hidden by multi-width symbols: [(46, " "), (48, " "), (50, " ")]
"                                                                                "
"╭──────────────────────────────────────────────────────────────────────────────╮"
"│ Move focus: hjkl | Fetch: f | Load from local cache: l                       │"
"╰──────────────────────────────────────────────────────────────────────────────╯"
