---
source: src/page/fetch.rs
expression: terminal.backend()
---
"╭──────────────────────────────────────╮╭──────────────────────────────────────╮╭──────────────────────────────────────╮"
"│              Past 1 year             ││             Past 3 months            ││             Past 1 month             │"
"╰──────────────────────────────────────╯╰──────────────────────────────────────╯╰──────────────────────────────────────╯"
"╭Custom Start Date (2025-03-02 style input)────────────────────────────────────────────────────────────────────────────╮"
"│                                                                                                                      │"
"│                                                                                                                      │"
"╰──────────────────────────────────────────────────────────────────────────────────────────────────────────────────────╯"
"                                          Currently 0 records locally stored.                                           "
"                                      Press "Space" to fetch transactions since N/A                                     "
"                                                                                                                        "
"                                                                                                                        "
"                                                                                                                        "
"                                                                                                                        "
"                                                                                                                        "
"                                                                                                                        "
"                                                                                                                        "
"                                                                                                                        "
"╭──────────────────────────────────────────────────────────────────────────────────────────────────────────────────────╮"
"│ Move focus: hjkl | Edit account & cookie: e | Refresh local db count: r | Back: esc | Start fetch: space | Start inp │"
"╰──────────────────────────────────────────────────────────────────────────────────────────────────────────────────────╯"
