---
source: src/page/transactions.rs
expression: terminal.backend()
---
"   金额                 时间                 商家                               " Hidden by multi-width symbols: [(4, " "), (6, " "), (25, " "), (27, " "), (46, " "), (48, " ")]
"                                                                              ║ "
"   -4.17                2025-03-10 18:11:26  库迪咖啡                         ║ " Hidden by multi-width symbols: [(46, " "), (48, " "), (50, " "), (52, " ")]
"                                                                              ║ "
"                                                                              ║ "
"   -3.03                2025-02-25 07:03:56  时光水吧                         ║ " Hidden by multi-width symbols: [(46, " "), (48, " "), (50, " "), (52, " ")]
"                                                                              ║ "
"                                                                              ║ "
"   -16.26               2025-02-22 11:46:49  寿司                             ║ " Hidden by multi-width symbols: [(46, " "), (48, " ")]
"                                                                              ║ "
"                                                                              ║ "
"   -0.64                2025-02-21 16:39:56  崇实书院西侧浴室                 ║ " Hidden by multi-width symbols: [(46, " "), (48, "4"), (50, " "), (52, "5"), (54, " "), (56, "2"), (58, " "), (60, " ")]
"                                                                              ║ "
"                                                                              ║ "
"   -0.17                2025-03-04 16:30:29  七彩阁浴室                       ║ " Hidden by multi-width symbols: [(46, " "), (48, " "), (50, " "), (52, " "), (54, " ")]
"                                                                              ║ "
"                                                                              ║ "
"   -1.28                2025-02-24 17:15:09  西14西15东12浴室                 ║ " Hidden by multi-width symbols: [(46, " "), (50, " "), (54, " "), (58, " "), (60, " ")]
"                                                                              █ "
"                                                                              █ "
" █ -4.34                2024-07-30 18:54:47  库迪咖啡                         █ " Hidden by multi-width symbols: [(46, " "), (48, " "), (50, " "), (52, " ")]
"                                                                                "
"╭──────────────────────────────────────────────────────────────────────────────╮"
"│ Move focus: hjkl | Fetch: f | Load from local cache: l                       │"
"╰──────────────────────────────────────────────────────────────────────────────╯"
